01
ｻｸﾗｹﾞﾝｻﾞﾌﾞﾛｳ 桜源三郎 桜源三郎 龍也
ﾅｸﾞﾛｴｲｲﾁ 名黒栄一 名黒栄一 涼子
ﾊﾑﾗｷｮｳ 羽村京 羽村京 涼子
ｲｻﾞﾖｲﾐｽﾞﾎ 十六夜瑞穂 十六夜瑞穂 涼子
ﾋｰﾄﾏﾝ ヒートマン ヒートマン 涼子
02
ﾃﾘｵ=ﾘﾏﾝ テリオ＝リマン テリオ＝リマン 龍也
ﾃﾞｱﾋﾒﾙ=ﾛﾒﾛ=ﾀﾞｯｼｬｰ デアヒメル＝ロメロ＝ダッシャー デアヒメル＝ロメロ＝ダッシャー 龍也 
03
ｹﾞｲｻﾞｰ=ﾛﾜｳ ゲイザー＝ロワウ ゲイザー＝ロワウ 龍也
04
ﾁｮｳﾆﾝｴｰ 町人Ａ 町人Ａ 龍也 
ﾁｮｳﾆﾝﾋﾞｰ 町人Ｂ 町人Ｂ 龍也
ﾁｮｳﾆﾝｼｰ  町人Ｃ 町人Ｃ 龍也
ﾚﾝﾀﾞ=ﾅﾝﾀﾞ=ﾄﾞｰﾀﾞ レンダ＝ナンダ＝ドーダ レンダ＝ナンダ＝ドーダ 龍也
09
ｳｫﾙﾃﾞｨ=ｼｪﾌｧﾝ ウォルディ＝シェファン ウォルディ＝シェファン 涼子
ｱｵﾉｼｯﾌﾟｳ 青の疾風 青の疾風 涼子
12
ﾏﾄﾞｳﾋﾞｼﾞｮﾝ 魔導ビジョン 魔導ビジョン 龍也
ﾏｽﾀｰ マスター マスター 龍也
ｼｮｳﾆﾝﾀﾁ 商人達 商人達 涼子
ﾛﾃﾝｼｮｳ 露天商 露天商 涼子
ｺﾞﾛﾂｷ ごろつき ごろつき 涼子
ｺﾞﾐﾊﾞｺ♪ ごみばこ♪ ごみばこ♪ 涼子
13
ﾑﾙｸﾞ=ｱﾃﾞｨｵｽ ムルグ＝アディオス ムルグ＝アディオス 涼子
ｻﾚﾅ=ﾛｰｼﾞｨ サレナ＝ロージィ サレナ＝ロージィ 涼子
14
ﾚﾃｨﾃﾞｨｳｽ=ﾏｸﾚﾃﾞｨ レティディウス＝マクレディ レティディウス＝マクレディ 龍也
ﾙﾃﾞｨｱ=ｽﾊﾟｰｸｽﾀｰ ルディア＝スパークスター ルディア＝スパークスター 涼子
ﾘｨｽ=ｼｪﾌｧﾝ リィス＝シェファン リィス＝シェファン 涼子
15
ｼｴﾗ=ﾃﾞｨｵﾙ=ﾛｳ=ｸﾞﾗﾝﾁｪｽﾀ シエラ＝ディオル＝ロウ＝グランチェスタ シエラ＝ディオル＝ロウ＝グランチェスタ 涼子
16
ﾚﾃﾞｨｾｲﾏﾄﾞｳﾁﾉｳR レディ製魔導知能Ｒ レディ製魔導知能Ｒ 龍也
ﾚﾃﾞｨｾｲﾏﾄﾞｳﾁﾉｳF レディ製魔導知能Ｆ レディ製魔導知能Ｆ 龍也
17
ｼｴﾗ=ﾃﾞｨｵﾙ=ﾛｳ=ｸﾞﾗﾝﾁｪｽﾀ シエラ＝ディオル＝ロウ＝グランチェスタ 削除 涼子
ｼｴﾗ=ﾃﾞｨｵﾙ=ﾛｳ=ｸﾞﾗﾝﾁｪｽﾀ シエラ＝ディオル＝ロウ＝グランチェスタ シエラ＝ディオル＝ロウ＝グランチェスタ２ 涼子
18
ﾌｧｰﾅ=ﾌﾞﾘﾝｶﾞｰ ファーナ＝ブリンガー ファーナ＝ブリンガー 涼子
ｼｬﾛﾝ シャロン シャロン 龍也