01
ｻﾞﾅｾﾞﾅｲ                 (「ザ☆なぜナイ」)        ザ☆なぜナイ 龍也
ｻﾞﾅｾﾞﾅｲ                 (「ザ☆なぜナイ」)        ザ☆なぜナイ 涼子
ｺｺﾛﾉｶﾖｲﾐﾁ               (「心の通い道」)          心の通い道 龍也
ｺｺﾛﾉｶﾖｲﾐﾁ               (「心の通い道」)          心の通い道 涼子
ﾔﾐｲﾛﾉﾂﾊﾞｻﾋﾛｹﾞﾃ          (「闇色の翼広げて」)      闇色の翼広げて 龍也
ﾎﾉｵﾉｵﾄﾒ                 (「炎の乙女」)            炎の乙女 涼子
ｴﾚﾒﾝﾀﾙﾅｲﾄ               (「エレメンタルナイト」)   エレメンタルナイト 涼子
ｲｾｶｲ                    (「異世界」)              異世界 龍也
ｲｾｶｲ                    (「異世界」)              異世界 涼子
ﾍｲﾜﾅﾋ                   (「平和な日」)            平和な日 龍也
ﾍｲﾜﾅﾋ                   (「平和な日」)            平和な日 涼子
ｾﾝｼﾉｻﾀﾞﾒ                (「戦士の運命」）         戦士の運命 龍也
ｾﾝｼﾉｻﾀﾞﾒ                (「戦士の運命」）         戦士の運命 涼子
ｱﾝﾔｸ                    (「暗躍」)                暗躍 龍也
ｱﾝﾔｸ                    (「暗躍」)                暗躍 涼子
ｼﾞｬｱｸﾅﾙｼｼｬ              (「邪悪なる使者」)        邪悪なる使者 龍也
ｼﾞｬｱｸﾅﾙｼｼｬ              (「邪悪なる使者」)        邪悪なる使者 涼子
ﾌｧｲﾄ!                   (「ファイト！」)          ファイト！ 龍也
ﾌｧｲﾄ!                   (「ファイト！」)          ファイト！ 涼子
WILD=SAMURAI            (「WILD=SAMURAI!」)       WILD=SAMURAI! 龍也
WILD=SAMURAI            (「WILD=SAMURAI!」)       WILD=SAMURAI! 涼子
RedSpice                (「Red Spice」)             RedSpice 龍也
RedSpice                (「Red Spice」)             RedSpice 涼子
ｵｵﾄﾘｼｭｳﾗｲ!              (「鳳襲来！」)            鳳襲来！ 涼子
RunAway!                (「Run Away!」)           RunAway! 龍也
Everyday                (「Every day」)           Everyday 龍也
Everyday                (「Every day」)           Everyday 涼子
02
ｴﾚﾒﾝﾀﾙ-ﾅﾝﾊﾞｰｽﾞ          (「エレメンタル＝ナンバーズ」) エレメンタル＝ナンバーズ 涼子
ｾｲﾅﾙﾒｶﾞﾐ                (「聖なる女神」) 聖なる女神 龍也
ﾒｻﾞﾒﾙﾁｶﾗ                (「覚醒める力」) 覚醒める力 龍也
03
ｴﾚﾒﾝﾀﾙ-ﾅﾝﾊﾞｰｽﾞ          (「エレメンタル＝ナンバーズ」) エレメンタル＝ナンバーズ 龍也
ﾖﾝﾏｼｮｳ                  (「四魔将」)               Ebil-4th-Knight 涼子
04
ﾖﾝﾏｼｮｳ                  (「四魔将」)               Ebil-4th-Knight 龍也
ｴﾚﾒﾝﾀﾙﾅｲﾄ               (「エレメンタルナイト」)   エレメンタルナイト 龍也
ﾖﾝｷｼ                    (「四騎士」) 四騎士 涼子
05
ﾖﾝｷｼ                    (「四騎士」) 四騎士 龍也
09
ｳﾝﾒｲﾉﾀﾀｶｲ               (「運命の闘い」) 運命の闘い 龍也
10
ｸﾗﾔﾐﾆｿﾒﾃ                (「暗闇に染めて」) 暗闇に染めて 龍也
14
ｾﾝｼﾉｲｸｻﾊﾞ               (「戦士の戦場」) 戦士の戦場 龍也
ｹﾞﾝｴｲﾃﾝｸ                (「幻影天駆」) 幻影天駆 龍也
ｾﾝｼﾉｲｸｻﾊﾞ               (「戦士の戦場」) 戦士の戦場 涼子
ｹﾞﾝｴｲﾃﾝｸ                (「幻影天駆」) 幻影天駆 涼子
17
BraveElement            (「Brave Element」) BraveElement 龍也
OvarLimit               (「OvarLimit」) OverLimit 涼子